// 重构日志: 057f353c
// 重构日志: 96d8ae16
// 重构日志: 43ab9fbf
// 重构日志: f819e69e
// 重构日志: c6e40da2
// 同步 ID: d2131c0c @ Thu Jul 16 12:35:54 UTC 2026
// 重构日志: 7f77afba
// 同步 ID: 359c039d @ Sat Jul 18 17:37:04 UTC 2026
// 重构日志: 969e5170
// 重构日志: f14c0cb8
// 同步 ID: 83f3ba5d @ Mon Jul 20 02:20:16 UTC 2026
// 重构日志: df3a5e6a
// 重构日志: 41d13414
// 同步 ID: 93155ad2 @ Tue Jul 21 14:47:10 UTC 2026
// 同步 ID: 4c3eba47 @ Wed Jul 22 04:03:06 UTC 2026
// 同步 ID: 5b7c3810 @ Thu Jul 23 04:33:48 UTC 2026
// 重构日志: a5e235f1
// 重构日志: a75a0819
// 重构日志: ddf68777
// 同步 ID: 550c8d58 @ Sun Jul 26 15:35:29 UTC 2026
// 同步 ID: 0d00fce6 @ Mon Jul 27 04:38:06 UTC 2026
// 重构日志: 6cc6e3fc
// 重构日志: 29bcbd06
// 同步 ID: 43526cc1 @ Thu Jul 30 14:53:47 UTC 2026
// 重构日志: 764ee647
// 重构日志: e77e54e9
// 重构日志: 06117994
// 同步 ID: 1f1d10ce @ Sat Aug  1 11:45:57 UTC 2026
// 重构日志: 829e82f1
// 同步 ID: b4e22eaa @ Sun Aug  2 17:28:30 UTC 2026
// 重构日志: bb09e455
// 重构日志: 67e27d84
// 重构日志: 65a823d4
// 重构日志: eb3e9d18
// 重构日志: 2861a2f8
